// Jest Snapshot v1, https://goo.gl/fbAQLP

exports[`Pages/Home should render correctly 1`] = `
<DocumentFragment>
  <div
    data-testid="home_page"
  >
    <div
      class="container"
    >
      <button
        class="button"
        data-testid="edit_button"
      >
        Edit
      </button>
      <div
        class="title"
      >
        Tokens
      </div>
      <button
        class="button"
        data-testid="add_button"
        style="font-size: 25px;"
      >
        ï¼‹
      </button>
    </div>
    <div>
      <div
        class="container"
      >
        <img
          alt="Test Provider"
          class="image"
          src="www.testurl.com"
        />
        <div
          class="detail"
        >
          <div
            class="provider"
          >
            Test Provider
          </div>
          <div
            class="code"
          >
            012 345
          </div>
        </div>
        <div
          class="indicatorContainer"
        >
          <svg
            class="indicatorItem"
          >
            <circle
              class="circle"
              cx="20"
              cy="20"
              fill="none"
              r="14"
              stroke="gray"
              stroke-dasharray="87.96459430051421"
              stroke-dashoffset="87.96459430051421"
              stroke-width="2"
            />
          </svg>
          <div
            class="countdownLabel"
          >
            86400
          </div>
        </div>
      </div>
      <div
        class="container"
      >
        <img
          alt="Test Provider 2"
          class="image"
          src="www.testurl.com"
        />
        <div
          class="detail"
        >
          <div
            class="provider"
          >
            Test Provider 2
          </div>
          <div
            class="code"
          >
            543 210
          </div>
        </div>
        <div
          class="indicatorContainer"
        >
          <svg
            class="indicatorItem"
          >
            <circle
              class="circle"
              cx="20"
              cy="20"
              fill="none"
              r="14"
              stroke="gray"
              stroke-dasharray="87.96459430051421"
              stroke-dashoffset="87.96459430051421"
              stroke-width="2"
            />
          </svg>
          <div
            class="countdownLabel"
          >
            172800
          </div>
        </div>
      </div>
      <div
        class="container"
      >
        <img
          alt="Test Provider 3"
          class="image"
          src="www.testurl.com"
        />
        <div
          class="detail"
        >
          <div
            class="provider"
          >
            Test Provider 3
          </div>
          <div
            class="code"
          >
            567 890
          </div>
        </div>
        <div
          class="indicatorContainer"
        >
          <svg
            class="indicatorItem"
          >
            <circle
              class="circle"
              cx="20"
              cy="20"
              fill="none"
              r="14"
              stroke="gray"
              stroke-dasharray="87.96459430051421"
              stroke-dashoffset="87.96459430051421"
              stroke-width="2"
            />
          </svg>
          <div
            class="countdownLabel"
          >
            172800
          </div>
        </div>
      </div>
      <div
        class="container"
      >
        <img
          alt="Test Provider 4"
          class="image"
          src="www.testurl.com"
        />
        <div
          class="detail"
        >
          <div
            class="provider"
          >
            Test Provider 4
          </div>
          <div
            class="code"
          >
            098 765
          </div>
        </div>
        <div
          class="indicatorContainer"
        >
          <svg
            class="indicatorItem"
          >
            <circle
              class="circle"
              cx="20"
              cy="20"
              fill="none"
              r="14"
              stroke="gray"
              stroke-dasharray="87.96459430051421"
              stroke-dashoffset="87.96459430051421"
              stroke-width="2"
            />
          </svg>
          <div
            class="countdownLabel"
          >
            172800
          </div>
        </div>
      </div>
    </div>
  </div>
</DocumentFragment>
`;
