// Jest Snapshot v1, https://goo.gl/fbAQLP

exports[`App should render correctly 1`] = `
<DocumentFragment>
  <div
    class="app"
  >
    <div>
      <div
        class="container"
      >
        <button
          class="button"
          data-testid="edit_button"
        >
          Edit
        </button>
        <div
          class="title"
        >
          Tokens
        </div>
        <button
          class="button"
          data-testid="add_button"
          style="font-size: 25px;"
        >
          ï¼‹
        </button>
      </div>
      <div>
        <div
          class="container"
        >
          <img
            alt="Epic Games"
            class="image"
            src="epicgames.png"
          />
          <div
            class="detail"
          >
            <div
              class="provider"
            >
              Epic Games
            </div>
            <div
              class="code"
            >
              726 759
            </div>
          </div>
          <div
            class="indicatorContainer"
          >
            <svg
              class="indicatorItem"
            >
              <circle
                class="circle"
                cx="20"
                cy="20"
                fill="none"
                r="14"
                stroke="gray"
                stroke-dasharray="87.96459430051421"
                stroke-dashoffset="87.96459430051421"
                stroke-width="2"
              />
            </svg>
            <div
              class="countdownLabel"
            >
              60
            </div>
          </div>
        </div>
        <div
          class="container"
        >
          <img
            alt="Google"
            class="image"
            src="google.png"
          />
          <div
            class="detail"
          >
            <div
              class="provider"
            >
              Google
            </div>
            <div
              class="code"
            >
              707 310
            </div>
          </div>
          <div
            class="indicatorContainer"
          >
            <svg
              class="indicatorItem"
            >
              <circle
                class="circle"
                cx="20"
                cy="20"
                fill="none"
                r="14"
                stroke="gray"
                stroke-dasharray="87.96459430051421"
                stroke-dashoffset="87.96459430051421"
                stroke-width="2"
              />
            </svg>
            <div
              class="countdownLabel"
            >
              60
            </div>
          </div>
        </div>
        <div
          class="container"
        >
          <img
            alt="Facebook"
            class="image"
            src="facebook.png"
          />
          <div
            class="detail"
          >
            <div
              class="provider"
            >
              Facebook
            </div>
            <div
              class="code"
            >
              603 134
            </div>
          </div>
          <div
            class="indicatorContainer"
          >
            <svg
              class="indicatorItem"
            >
              <circle
                class="circle"
                cx="20"
                cy="20"
                fill="none"
                r="14"
                stroke="gray"
                stroke-dasharray="87.96459430051421"
                stroke-dashoffset="87.96459430051421"
                stroke-width="2"
              />
            </svg>
            <div
              class="countdownLabel"
            >
              60
            </div>
          </div>
        </div>
        <div
          class="container"
        >
          <img
            alt="Reddit"
            class="image"
            src="reddit.png"
          />
          <div
            class="detail"
          >
            <div
              class="provider"
            >
              Reddit
            </div>
            <div
              class="code"
            >
              244 445
            </div>
          </div>
          <div
            class="indicatorContainer"
          >
            <svg
              class="indicatorItem"
            >
              <circle
                class="circle"
                cx="20"
                cy="20"
                fill="none"
                r="14"
                stroke="gray"
                stroke-dasharray="87.96459430051421"
                stroke-dashoffset="87.96459430051421"
                stroke-width="2"
              />
            </svg>
            <div
              class="countdownLabel"
            >
              60
            </div>
          </div>
        </div>
      </div>
    </div>
  </div>
</DocumentFragment>
`;
