// Jest Snapshot v1, https://goo.gl/fbAQLP

exports[`Pages/Home/Components/MFA/ExpirationIndicator should render correctly 1`] = `
<DocumentFragment>
  <div
    class="indicatorContainer"
  >
    <svg
      class="indicatorItem"
    >
      <circle
        class="circle"
        cx="20"
        cy="20"
        fill="none"
        r="14"
        stroke="gray"
        stroke-dasharray="87.96459430051421"
        stroke-dashoffset="87.96459430051421"
        stroke-width="2"
      />
    </svg>
    <div
      class="countdownLabel"
    >
      86400
    </div>
  </div>
</DocumentFragment>
`;
